Queued clausius_cs_k0_250.json...
Queued clausius_cs_k0_280p612.json...
Queued clausius_cs_k0_311p224.json...
Queued clausius_cs_k0_347p959.json...
Queued clausius_cs_k0_378p571.json...
Queued clausius_cs_k0_415p306.json...
Queued clausius_cs_k0_445p918.json...
Queued clausius_cs_k0_482p653.json...
Queued clausius_cs_k0_513p265.json...
Queued clausius_cs_k0_550.json...
Queued clausius_tvm_k0_250.json...
Queued clausius_tvm_k0_280p612.json...
Queued clausius_tvm_k0_311p224.json...
Queued clausius_tvm_k0_347p959.json...
Queued clausius_tvm_k0_378p571.json...
Queued clausius_tvm_k0_415p306.json...
Queued clausius_tvm_k0_445p918.json...
Queued clausius_tvm_k0_482p653.json...
Queued clausius_tvm_k0_513p265.json...
Queued clausius_tvm_k0_550.json...
Finished clausius_cs_k0_250.json
Finished clausius_cs_k0_280p612.json
Finished clausius_cs_k0_311p224.json
Finished clausius_cs_k0_347p959.json
Finished clausius_cs_k0_378p571.json
Finished clausius_cs_k0_415p306.json
Finished clausius_cs_k0_445p918.json
Finished clausius_cs_k0_482p653.json
Finished clausius_cs_k0_513p265.json
Finished clausius_cs_k0_550.json
Finished clausius_tvm_k0_280p612.json
Finished clausius_tvm_k0_250.json
Finished clausius_tvm_k0_311p224.json
Finished clausius_tvm_k0_347p959.json
Finished clausius_tvm_k0_378p571.json
Finished clausius_tvm_k0_415p306.json
Finished clausius_tvm_k0_445p918.json
Finished clausius_tvm_k0_482p653.json
Finished clausius_tvm_k0_550.json
Finished clausius_tvm_k0_513p265.json
{
  "selected_k0_csv": "results/reports/asymmetric_ev_dense_10point_suite/selected_k0_values.csv",
  "manifest_csv": "results/reports/asymmetric_ev_dense_10point_suite/run_manifest.csv",
  "runs": 20
}
